=== Start Sat Sep 26 11:27:58 UTC 2026 ===
[Sat Sep 26 11:27:58 UTC 2026] New tunnel...
=== Start Thu Oct  1 16:54:39 UTC 2026 ===
[Thu Oct  1 16:54:39 UTC 2026] Starting tunnel...
=== tunnel-out.log ===
spawn timeout 55m ssh -p 443 -o StrictHostKeyChecking=no -o UserKnownHostsFile=/dev/null -o ServerAliveInterval=30 -o ConnectTimeout=30 -R0:localhost:22 qr@free.pinggy.io
Warning: Permanently added '[free.pinggy.io]:443' (RSA) to the list of known hosts.
Allocated port 5 for remote forward to localhost:22


    ==CAUTION==
    This is fallback mode as your terminal `` is not supported
    Kindly use supported terminal


You are not authenticated.
Your tunnel will expire in 60 minutes. Upgrade to Pinggy Pro to get unrestricted tunnels. https://dashboard.pinggy.io
https://iilnm-68-154-117-38.free.pinggy.net
https://pqfmc-68-154-117-38.run.pinggy-free.link
=== end ===
[Thu Oct  1 16:55:54 UTC 2026] No link
[Thu Oct  1 16:55:54 UTC 2026] ended, restart in 8s...
[Thu Oct  1 16:56:02 UTC 2026] Starting tunnel...
=== tunnel-out.log ===
spawn timeout 55m ssh -p 443 -o StrictHostKeyChecking=no -o UserKnownHostsFile=/dev/null -o ServerAliveInterval=30 -o ConnectTimeout=30 -R0:localhost:22 qr@free.pinggy.io
Warning: Permanently added '[free.pinggy.io]:443' (RSA) to the list of known hosts.
Allocated port 7 for remote forward to localhost:22


    ==CAUTION==
    This is fallback mode as your terminal `` is not supported
    Kindly use supported terminal


You are not authenticated.
Your tunnel will expire in 60 minutes. Upgrade to Pinggy Pro to get unrestricted tunnels. https://dashboard.pinggy.io
https://lwsmj-68-154-117-38.free.pinggy.net
https://mohav-68-154-117-38.run.pinggy-free.link
=== end ===
[Thu Oct  1 16:57:17 UTC 2026] No link
[Thu Oct  1 16:57:17 UTC 2026] ended, restart in 8s...
[Thu Oct  1 16:57:25 UTC 2026] Starting tunnel...
=== tunnel-out.log ===
spawn timeout 55m ssh -p 443 -o StrictHostKeyChecking=no -o UserKnownHostsFile=/dev/null -o ServerAliveInterval=30 -o ConnectTimeout=30 -R0:localhost:22 qr@free.pinggy.io
Warning: Permanently added '[free.pinggy.io]:443' (RSA) to the list of known hosts.
Allocated port 9 for remote forward to localhost:22


    ==CAUTION==
    This is fallback mode as your terminal `` is not supported
    Kindly use supported terminal


You are not authenticated.
Your tunnel will expire in 60 minutes. Upgrade to Pinggy Pro to get unrestricted tunnels. https://dashboard.pinggy.io
https://gactk-68-154-117-38.free.pinggy.net
https://vtyel-68-154-117-38.run.pinggy-free.link
=== end ===
[Thu Oct  1 16:58:40 UTC 2026] No link
[Thu Oct  1 16:58:40 UTC 2026] ended, restart in 8s...
[Thu Oct  1 16:58:48 UTC 2026] Starting tunnel...
